GLIBC_2.0 {
  global:
    # global variables
    _errno; _h_errno; _itoa_lower_digits; _itoa_upper_digits;
    __ctype_b; __ctype_tolower; __ctype_toupper;
    _nl_msg_cat_cntr; __environ; _environ; _res;
    ___brk_addr; __curbrk; _nl_current_LC_CTYPE; _libc_intl_domainname;
    _sys_errlist; _sys_nerr; _sys_siglist; __progname; _nl_default_dirname;
    _nl_domain_bindings; __timezone; __daylight; __tzname;
    _nl_current_LC_COLLATE; __collate_element_hash;
    __collate_element_strings; __collate_symbol_classes;
    __collate_symbol_hash; __collate_symbol_strings;
    _obstack;
    __progname_full; __progname; _dl_debug_impcalls; _dl_debug_fd;

    _IO_list_all; _IO_stderr_; _IO_stdin_; _IO_stdout_;

    __libc_pid; __libc_uid;

    # This is for sparc only.
    .div; .mul; .rem; .udiv; .umul; .urem;

    # helper functions
    __errno_location; __libc_init_first; __h_errno_location; __libc_start_main;

    # functions with special/multiple interfaces
    __sigsetjmp; _setjmp; __sigaddset; __sigdelset; __sigismember;
    __sysv_signal; __bsd_getpgrp; _longjmp; _mcount;
    __divqu; __remqu; __divqs; __remqs; __divlu; __remlu; __divls;
    __remls; __divl; __reml; __divq; __remq; __divqu; __remqu;
    __setpgid; __getpgid; __adjtimex;

    # functions which have an additional interface since they are
    # are cancelable.
    __libc_wait; __libc_waitpid; __libc_pause; __libc_nanosleep;
    __libc_open; __libc_close; __libc_read; __libc_write;
    __libc_lseek; __libc_fcntl; __libc_tcdrain; __libc_fsync;
    __libc_msync; __libc_system; __libc_accept; __libc_send; __libc_recvfrom;
    __libc_recvmsg; __libc_sendmsg; __libc_recv; __libc_sendto; __libc_connect;

    # interface of malloc functions
    __libc_calloc; __libc_free; __libc_mallinfo; __libc_malloc;
    __libc_mallopt; __libc_memalign; __libc_pvalloc; __libc_realloc;
    __libc_valloc;
    __malloc_initialize_hook; __free_hook; __malloc_hook; __realloc_hook;
    __memalign_hook; __after_morecore_hook;
    __malloc_initialized; __default_morecore; __morecore; __sbrk;
    __getpagesize;

    # functions with required interface outside normal name space
    _exit; __ivaliduser; __open_catalog;
    __argz_count; __argz_stringify; __argz_next;
    __check_rhosts_file; __rcmd_errstr; __xpg_basename;

    # functions from the experimental locale implementation
    __*_l; __newlocale; __duplocale; __freelocale;

    # functions used in inline functions or macros
    __strto*_internal; __wcsto*_internal; __getdelim;
    __isnan; __isnanf; __isnanl; __finite; __finitef; __finitel;
    __isinf; __isinff; __isinfl;
    __cmsg_nxthdr;
    _obstack_allocated_p; _obstack_begin; _obstack_begin_1;
    _obstack_free; _obstack_memory_used; _obstack_newchunk;
    __assert_fail; __assert_perror_fail;
    _IO_getc; _IO_peekc_unlocked; _IO_putc; _IO_feof; _IO_ferror;
    __xstat; __fxstat; __lxstat;  __xmknod;
    __dcgettext; __uflow; __underflow; __overflow; __iswctype; __sigpause;
    __ctype_get_mb_cur_max; __bzero;
    __strtok_r;

    # functions used in other libraries
    __printf_fp; __stpncpy; __stpcpy; __strdup; __mempcpy;
    __nss_passwd_lookup; __nss_group_lookup; __nss_next;
    _nss_files_parse_grent; _nss_files_parse_pwent; _nss_files_parse_spent;
    __nss_database_lookup; __internal_endnetgrent; __internal_getnetgrent_r;
    __internal_setnetgrent; __gmtime_r; __secure_getenv;
    __select; __sched_get_priority_max; __sched_get_priority_min;
    __sched_getparam; __sched_getscheduler; __sched_setscheduler;
    __sched_yield; __on_exit; __gettimeofday; __fork; __clone;
    __nss_configure_lookup; _dl_open; _dl_close; _dl_addr;
    __vsscanf; __vfscanf; __vsnprintf;
    _rpc_dtablesize; _null_auth; _seterr_reply;
    __res_randomid;  __getpid;
    __strcasecmp; __strerror_r; __write; _dl_sysdep_output;
    _dl_debug_message;
    __ffs;
    __close; __connect; __fcntl; __lseek; __open; __read; __send; __wait;
    __ieee_get_fp_control; __ieee_set_fp_control;
    __dgettext;
    # libio
    _IO_adjust_column; _IO_clearerr; _IO_default_doallocate;
    _IO_default_finish; _IO_default_pbackfail; _IO_default_uflow;
    _IO_default_xsgetn; _IO_default_xsputn; _IO_do_write;
    _IO_doallocbuf; _IO_fclose; _IO_fdopen; _IO_feof; _IO_ferror;
    _IO_fflush; _IO_fgetc; _IO_fgetpos; _IO_fgets; _IO_file_attach;
    _IO_file_close; _IO_file_close_it; _IO_file_doallocate;
    _IO_file_fopen; _IO_file_init; _IO_file_jumps; _IO_file_open;
    _IO_file_overflow; _IO_file_read; _IO_file_seek; _IO_file_seekoff;
    _IO_file_setbuf; _IO_file_stat; _IO_file_sync; _IO_file_underflow;
    _IO_file_write; _IO_file_xsputn; _IO_fileno; _IO_flockfile;
    _IO_flush_all; _IO_flush_all_linebuffered; _IO_fopen; _IO_fprintf;
    _IO_fputs; _IO_fread; _IO_free_backup_area; _IO_freopen;
    _IO_fscanf; _IO_fseek; _IO_fsetpos; _IO_ftell; _IO_funlockfile;
    _IO_fwrite; _IO_getc; _IO_getline; _IO_gets;
    _IO_init; _IO_init_marker; _IO_link_in; _IO_marker_delta;
    _IO_marker_difference; _IO_padn; _IO_pclose; _IO_peekc_locked;
    _IO_perror; _IO_popen; _IO_printf; _IO_proc_close; _IO_proc_open;
    _IO_putc; _IO_puts; _IO_remove_marker; _IO_rewind; _IO_scanf;
    _IO_seekmark; _IO_seekoff; _IO_seekpos; _IO_setb; _IO_setbuf;
    _IO_setbuffer; _IO_setlinebuf; _IO_setvbuf; _IO_sgetn;
    _IO_sprintf; _IO_sputbackc; _IO_sscanf; _IO_str_init_readonly;
    _IO_str_init_static; _IO_str_overflow; _IO_str_pbackfail;
    _IO_str_seekoff; _IO_str_underflow; _IO_sungetc;
    _IO_switch_to_get_mode; _IO_un_link; _IO_ungetc;
    _IO_unsave_markers; _IO_vfprintf; _IO_vfscanf; _IO_vsprintf;

    # Exception handling support functions from libgcc
    __register_frame; __register_frame_table; __deregister_frame;
    __register_frame_info; __deregister_frame_info;

    # Profiling support
    __monstartup; _mcleanup; __profile_frequency;

    # Hurd-specific variables
    __hurd_sigthread_stack_base; __hurd_sigthread_stack_end;
    __hurd_sigthread_variables;
    __hurd_threadvar_stack_mask; __hurd_threadvar_stack_offset;

    # functions from stdio
    __fillbf; __flshfp;

    # Internal functions referenced by libmachuser and libhurduser.
    __mach_msg;
    __mig_allocate; __mig_deallocate;
    __mig_get_reply_port; __mig_put_reply_port; __mig_dealloc_reply_port;
    _S_catch_exception_raise;
    _S_msg_add_auth; _S_msg_del_auth;
    _S_msg_describe_ports;
    _S_msg_get_dtable; _S_msg_set_dtable;
    _S_msg_get_env_variable; _S_msg_set_env_variable;
    _S_msg_get_environment; _S_msg_set_environment;
    _S_msg_get_fd; _S_msg_set_fd;
    _S_msg_get_init_int; _S_msg_set_init_int;
    _S_msg_get_init_ints; _S_msg_set_init_ints;
    _S_msg_get_init_port; _S_msg_set_init_port;
    _S_msg_get_init_ports; _S_msg_set_init_ports;
    _S_msg_proc_newids; _S_msg_report_wait;
    _S_msg_sig_post; _S_msg_sig_post_untraced;
    _hurd_intr_rpc_mach_msg; _hurdsig_fault_catch_exception_raise;

    # Placeholders for the Hurd libthreads implementation.
    cthread_getspecific; cthread_keycreate; cthread_setspecific;
    __libc_getspecific;

    # Function versions of Hurd macros.
    __mutex_init; __mutex_trylock;
    __mutex_lock; __mutex_unlock;
    __mutex_lock_solid; __mutex_unlock_solid;

    # variables in normal name space
    argp_err_exit_status; argp_program_bug_address; argp_program_version;
    argp_program_version_hook;
    daylight;
    environ;
    errno; error_message_count; error_one_per_line; error_print_progname;
    h_errlist; h_errno; h_nerr;
    loc1; loc2; locs;
    mallwatch;
    obstack_alloc_failed_handler; obstack_exit_failure;
    optarg; opterr; optind; optopt;
    program_invocation_name; program_invocation_short_name;
    re_max_failures;  re_syntax_options; rexecoptions; rpc_createerr;
    stderr; stdin; stdout; svc_fdset; svcauthdes_stats;
    sys_errlist; sys_nerr; sys_sigabbrev; sys_siglist;
    timezone; tzname;

    # functions in normal name space
    # Please keep them sorted by name!

    # a*
    a64l; abort; abs; accept; access; acct; addmntent; adjtime; adjtimex;
    advance; alarm; alphasort;

    argz_add; argz_add_sep; argz_append; argz_count; argz_create;
    argz_create_sep; argz_delete; argz_extract; argz_insert; argz_next;
    argz_replace; argz_stringify;

    asctime; asctime_r; asprintf; atexit; atof; atoi; atol; atoll;
    authnone_create; authunix_create; authunix_create_default;

    # b*
    basename; bcmp; bcopy; bdflush; bind; bindresvport;
    bindtextdomain; brk; bsd_signal; bsearch; btowc; bus_base; bus_base_sparse;
    bzero;

    # c*
    cachectl; cacheflush; calloc; callrpc; canonicalize_file_name;
    catclose; catgets; catopen;
    cfgetispeed; cfgetospeed; cfmakeraw; cfree;
    cfsetispeed; cfsetospeed; cfsetspeed; chdir; chflags; chmod; chown;
    chroot; clearenv; clearerr; clearerr_unlocked;

    clnt_broadcast; clnt_create; clnt_pcreateerror; clnt_perrno;
    clnt_perror; clnt_spcreateerror; clnt_sperrno; clnt_sperror;
    clntraw_create; clnttcp_create; clntudp_bufcreate; clntudp_create;

    clock; clone; close; closedir; closelog; confstr; connect; copysign;
    copysignf; copysignl; creat; create_module; ctermid; ctime;
    ctime_r; cuserid;

    # d*
    daemon; dcgettext; delete_module; dgettext;
    difftime; dirfd; dirname; div; dprintf; drand48; drand48_r; dup; dup2;
    dysize;

    # e*
    ecvt; ecvt_r; endaliasent; endfsent; endgrent; endhostent;
    endmntent; endnetent; endnetgrent; endprotoent; endpwent; endrpcent;
    endservent; endspent; endttyent; endusershell; endutent;
    envz_add; envz_entry; envz_get; envz_merge; envz_remove;
    envz_strip; erand48; erand48_r; err; error; error_at_line; errx;

    ether_aton; ether_aton_r; ether_hostton; ether_line; ether_ntoa;
    ether_ntoa_r; ether_ntohost;

    euidaccess; execl; execle; execlp; execv; execve; execvp; exit;

    # f*
    fchdir; fchflags; fchmod; fchown; fclose; fcloseall; fcntl; fcvt;
    fcvt_r; fdatasync; fdopen; feof; feof_locked; feof_unlocked; ferror;
    ferror_locked; ferror_unlocked; fexecve; fflush; fflush_locked;
    fflush_unlocked; ffs;
    fgetc; fgetgrent; fgetgrent_r; fgetpos; fgetpwent; fgetpwent_r; fgets;
    fgetspent; fgetspent_r; fileno; fileno_locked; fileno_unlocked; finite;
    finitef; finitel; flock; flockfile; fnmatch; fopen; fopencookie;
    fork; fpathconf; fprintf; fputc; fputc_locked; fputc_unlocked; fputs;
    fread; free; freeaddrinfo; freopen; frexp; frexpf; frexpl; fscanf; fseek;
    fsetpos; fstatfs; fsync; ftell; ftime; ftok; ftruncate; ftrylockfile;
    fts_children; fts_close; fts_open; fts_read; fts_set; ftw;
    funlockfile; fwrite;

    # g*
    gcvt; get_avphys_pages; get_current_dir_name;
    get_kernel_syms; get_myaddress; get_nprocs; get_nprocs_conf;
    get_phys_pages; getaddrinfo; getaliasbyname; getaliasbyname_r;
    getaliasent; getaliasent_r; getc; getc_locked; getc_unlocked; getchar;
    getchar_unlocked; getcwd; getdelim; getdirentries;
    getdomainname; getdtablesize; getegid; getenv; geteuid; getfsent;
    getfsfile; getfsspec; getgid; getgrent; getgrent_r; getgrgid;
    getgrgid_r; getgrnam; getgrnam_r; getgroups; gethostbyaddr;
    gethostbyaddr_r; gethostbyname; gethostbyname2; gethostbyname2_r;
    gethostbyname_r; gethostent; gethostent_r; gethostid; gethostname;
    getitimer; getline; getlogin; getlogin_r; getmntent; getmntent_r;
    getnetbyaddr; getnetbyaddr_r; getnetbyname;
    getnetbyname_r; getnetent; getnetent_r; getnetgrent; getnetgrent_r;
    getopt; getopt_long; getopt_long_only; getpagesize;
    getpass; getpeername; getpgid; getpgrp; getpid; getppid; getpriority;
    getprotobyname; getprotobyname_r; getprotobynumber;
    getprotobynumber_r; getprotoent; getprotoent_r; getpublickey;
    getpw; getpwent; getpwent_r; getpwnam; getpwnam_r; getpwuid; getpwuid_r;
    getresgid; getresuid;
    getrlimit; getrpcbyname; getrpcbyname_r; getrpcbynumber;
    getrpcbynumber_r; getrpcent; getrpcent_r; getrpcport; getrusage; gets;
    getsecretkey; getservbyname; getservbyname_r; getservbyport;
    getservbyport_r; getservent; getservent_r; getsid; getsockname;
    getsockopt; getspent; getspent_r; getspnam; getspnam_r; getsubopt;
    gettext; gettimeofday; getttyent; getttynam; getuid; getusershell;
    getutent; getutent_r; getutid; getutid_r; getutline; getutline_r;
    getw; getwd; glob; glob_pattern_p;
    globfree; gmtime; gmtime_r; group_member; gsignal; gtty;

    # h*
    hae_shift; hasmntopt; hcreate; hcreate_r; hdestroy; hdestroy_r; herror;
    hsearch; hsearch_r; hstrerror; htonl; htons;

    # i*
    inb; index; inet_addr; inet_aton; inet_lnaof; inet_makeaddr;
    inet_netof; inet_network; inet_nsap_addr; inet_nsap_ntoa; inet_ntoa;
    inet_ntop; inet_pton; init_module; initgroups; initstate; initstate_r;
    inl; innetgr; insque; inw; ioctl; ioperm; iopl; iruserok;

    isalnum; isalpha; isascii; isatty; isblank; iscntrl; isdigit;
    isfdtype; isgraph; isinf; isinff; isinfl; islower; isnan; isnanf;
    isnanl; isprint; ispunct; isspace; isupper; iswalnum; iswalpha;
    iswcntrl; iswctype; iswdigit; iswgraph; iswlower; iswprint;
    iswpunct; iswspace; iswupper; iswxdigit; isxdigit;

    # j*
    jrand48; jrand48_r;

    # k*
    kill; killpg; klogctl;

    # l*
    l64a; labs; lchown; lckpwdf; lcong48; lcong48_r; ldexp; ldexpf;
    ldexpl; ldiv; lfind; link; listen; llabs; lldiv; llseek; localeconv;
    localtime; localtime_r; lockf; longjmp; lrand48; lrand48_r;
    lsearch; lseek;

    # m*
    madvise;

    mallinfo; malloc; malloc_get_state; malloc_set_state;
    malloc_stats; malloc_trim; malloc_usable_size; mallopt;

    mblen; mbrlen; mbrtowc; mbsinit; mbsnrtowcs; mbsrtowcs; mbstowcs;
    mbtowc; mcheck; mcount;

    memalign; memccpy; memchr; memcmp; memcpy; memfrob; memmem;
    memmove; memset;

    mkdir; mkfifo; mkstemp; mktemp; mktime; mlock;
    mlockall; mmap; modf; modff; modfl; moncontrol; monstartup; mount;
    mprobe; mprotect; mrand48; mrand48_r; mremap; msgctl; msgget; msgrcv;
    msgsnd; msync; mtrace; munlock; munlockall; munmap; muntrace;

    # n*
    nanosleep; nfsservctl; nice; nl_langinfo; nrand48; nrand48_r;
    ntohl; ntohs;

    # o*
    obstack_free; obstack_printf; obstack_vprintf; on_exit; open;
    open_memstream; opendir; openlog; outb; outl; outw;

    # p*
    parse_printf_format; pathconf; pause; pciconfig_read;
    pciconfig_write; pclose; perror;
    personality; pipe; pmap_getmaps; pmap_getport; pmap_rmtcall; pmap_set;
    pmap_unset; poll; popen; prctl; printf; profil; profil_counter;
    pselect; psignal;

    pthread_attr_destroy;
    pthread_attr_getdetachstate; pthread_attr_getinheritsched;
    pthread_attr_getschedparam; pthread_attr_getschedpolicy;
    pthread_attr_getscope; pthread_attr_init; pthread_attr_setdetachstate;
    pthread_attr_setinheritsched; pthread_attr_setschedparam;
    pthread_attr_setschedpolicy; pthread_attr_setscope;
    pthread_cond_broadcast; pthread_cond_destroy; pthread_cond_init;
    pthread_cond_signal; pthread_cond_wait; pthread_condattr_destroy;
    pthread_condattr_init; pthread_equal; pthread_exit;
    pthread_getschedparam; pthread_mutex_destroy; pthread_mutex_init;
    pthread_mutex_lock; pthread_mutex_unlock;
    pthread_mutexattr_getkind_np; pthread_mutexattr_setkind_np;
    pthread_self; pthread_setcancelstate; pthread_setcanceltype;
    pthread_setschedparam;

    ptrace; putc; putc_locked; putc_unlocked; putchar; putchar_unlocked;
    putenv; putpwent; puts; putspent; pututline; putw; pvalloc;

    # q*
    qecvt; qecvt_r; qfcvt; qfcvt_r; qgcvt; qsort; query_module; quotactl;

    # r*
    raise; rand; rand_r; random; random_r; rcmd;

    re_comp; re_compile_fastmap; re_compile_pattern; re_exec; re_match;
    re_match_2; re_search; re_search_2; re_set_registers; re_set_syntax;

    read; readdir; readdir_r; readlink; readv;
    realloc; realpath; reboot; recv; recvfrom; recvmsg; regcomp; regerror;
    regexec; regfree; register_printf_function; registerrpc; remove; remque;
    rename; res_init; revoke; rewind; rewinddir; rexec; rindex; rmdir; rpmatch;
    rresvport; ruserok; ruserpass;

    # s*
    sbrk; scalbn; scalbnf; scalbnl; scandir; scanf;

    sched_get_priority_max; sched_get_priority_min; sched_getparam;
    sched_getscheduler; sched_rr_get_interval; sched_setparam;
    sched_setscheduler; sched_yield;

    seed48; seed48_r; seekdir; select;
    semctl; semget; semop; send; sendmsg; sendto; setaliasent; setbuf;
    setbuffer; setcontext;
    setdomainname; setegid; setenv; seteuid; setfsent;
    setfsgid; setfsuid; setgid; setgrent; setgroups; sethae; sethostent;
    sethostid; sethostname; setitimer; setjmp; setlinebuf; setlocale;
    setlogin; setlogmask; setmntent; setnetent; setnetgrent; setpgid;
    setpgrp; setpriority; setprotoent; setpwent; setregid; setresgid;
    setresuid; setreuid; setrlimit; setrpcent; setservent;
    setsid; setsockopt; setspent;
    setstate; setstate_r; settimeofday; setttyent; setuid; setusershell;
    setutent; setvbuf; sgetspent; sgetspent_r; shmat; shmctl;
    shmdt; shmget; shutdown;

    sigaction; sigaddset; sigaltstack; sigandset; sigblock; sigdelset;
    sigemptyset; sigfillset; siggetmask; siginterrupt; sigisemptyset;
    sigismember; siglongjmp; signal; sigorset; sigpause; sigpending;
    sigprocmask; sigreturn; sigsetmask; sigstack; sigsuspend; sigvec;
    sigwait;

    sleep; snprintf; socket; socketpair; sprintf; srand; srand48;
    srand48_r; srandom; srandom_r; sscanf; ssignal; sstk; statfs;
    step; stime; stpcpy; stpncpy; strcasecmp; strcat;
    strchr; strcmp; strcoll;
    strcpy; strcspn; strdup; strerror; strerror_r; strfmon; strfry;
    strftime; strlen; strncasecmp; strncat; strncmp; strncpy; strndup;
    strnlen; strpbrk; strptime; strrchr; strsep; strsignal; strspn;
    strstr; strtod; strtof; strtok; strtok_r; strtol; strtold; strtoll;
    strtoq; strtoul; strtoull; strtouq; strxfrm; stty;

    svc_exit; svc_getreq; svc_getreqset; svc_register; svc_run;
    svc_sendreply; svc_unregister; svcerr_auth; svcerr_decode;
    svcerr_noproc; svcerr_noprog; svcerr_progvers; svcerr_systemerr;
    svcerr_weakauth; svcfd_create; svcraw_create; svctcp_create;
    svcudp_bufcreate; svcudp_create; svcudp_enablecache;

    swab; swapoff; swapon; symlink; sync;
    syscall; sysconf; sysctl; sysinfo; syslog; sysmips;
    system;

    # t*
    tcdrain; tcflow; tcflush; tcgetattr; tcgetpgrp; tcsendbreak;
    tcsetattr; tcsetpgrp; tdelete; telldir; tempnam; textdomain;
    tfind; time; timegm; timelocal; times; tmpfile; tmpnam;
    tmpnam_r;

    toascii; tolower; toupper; towctrans; towlower; towupper;
    tr_break; truncate; tsearch; ttyname; ttyname_r; ttyslot;
    twalk; tzset;

    # u*
    ualarm; ulckpwdf; ulimit; umask; umount; uname; ungetc; unlink;
    unsetenv; updwtmp; uselib; usleep; ustat; utime; utimes; utmpname;

    # v*
    valloc; vasprintf; vdprintf; verr; verrx; vfork; vfprintf; vfscanf;
    vhangup; vlimit; vm86; vprintf; vscanf; vsnprintf; vsprintf; vsscanf;
    vsyslog; vtimes; vwarn; vwarnx;

    # w*
    wait; wait3; wait4; waitpid; warn; warnx;

    wcpcpy; wcpncpy; wcrtomb; wcscat; wcschr; wcscmp; wcscoll;
    wcscpy; wcscspn; wcsdup; wcslen; wcsncat; wcsncmp;
    wcsncpy; wcsnrtombs; wcspbrk; wcsrchr; wcsrtombs; wcsspn; wcsstr;
    wcstod; wcstof; wcstok; wcstol; wcstold; wcstombs; wcstoq; wcstoul;
    wcstouq; wcswidth; wcsxfrm; wctob; wctomb; wctrans; wctype; wcwidth;

    wmemchr; wmemcmp; wmemcpy; wmemmove; wmemset;

    write; writev;

    # x*
    xdr_accepted_reply; xdr_array; xdr_authunix_parms; xdr_bool; xdr_bytes;
    xdr_callhdr; xdr_callmsg; xdr_char; xdr_cryptkeyarg; xdr_cryptkeyarg2;
    xdr_cryptkeyres; xdr_des_block; xdr_double; xdr_enum; xdr_float;
    xdr_free; xdr_int; xdr_key_netstarg; xdr_key_netstres; xdr_keybuf;
    xdr_keystatus; xdr_long; xdr_netobj; xdr_opaque; xdr_opaque_auth;
    xdr_pmap; xdr_pmaplist; xdr_pointer; xdr_reference; xdr_rejected_reply;
    xdr_replymsg; xdr_rmtcall_args; xdr_rmtcallres; xdr_short; xdr_string;
    xdr_u_char; xdr_u_int; xdr_u_long; xdr_u_short; xdr_union; xdr_vector;
    xdr_void; xdr_wrapstring; xdrmem_create; xdrrec_create;
    xdrrec_endofrecord; xdrrec_eof; xdrrec_skiprecord; xdrstdio_create;
    xencrypt; xprt_register; xprt_unregister;

    # Those are in the dynamic linker, but used by libc.so.
    __libc_enable_secure; _dl_catch_error; _dl_check_all_versions;
    _dl_debug_initialize; _dl_debug_state; _dl_default_scope;
    _dl_global_scope_end; _dl_init_next; _dl_lookup_symbol;
    _dl_map_object; _dl_map_object_deps; _dl_object_relocation_scope;
    _dl_relocate_object; _dl_signal_error; _dl_starting_up;
    _dl_sysdep_start; _r_debug;
    _dl_global_scope; _dl_lookup_symbol_skip;
    _dl_lookup_versioned_symbol; _dl_lookup_versioned_symbol_skip;

  local:
    *;
};

GLIBC_2.1 {
  global:
    # global variables
    _IO_2_1_stdin_; _IO_2_1_stdout_; _IO_2_1_stderr_;
    __gconv_alias_db; __gconv_nmodules; __gconv_modules_db;
    _dl_profile;

    # This is for ix86 only.
    _fp_hw;

    # variables in normal name space
    getdate_err; in6addr_any; in6addr_loopback;

    # functions used in inline functions or macros
    __signbit; __signbitf; __signbitl; __libc_sa_len;

    # functions used in other libraries
    _IO_fclose; _IO_fopen; _IO_fdopen; __asprintf; __strcasestr;
    __syscall_rt_sigqueueinfo;
    __xstat64; __fxstat64; __lxstat64;
    __pread64; __pwrite64;
    __backtrace; __backtracesyms;

    # helper functions
    __libc_current_sigrtmin; __libc_current_sigrtmax; __libc_allocate_rtsig;
    __libc_longjmp; __libc_siglongjmp;

    # Since we have new signals this structure changed.
    _sys_siglist; sys_siglist; sys_sigabbrev;

    # Linux/Alpha 64-bit timeval functions.
    __select; select;
    adjtime; adjtimex; __adjtimex;
    __gettimeofday;

    # New errlist.
    _sys_errlist; sys_errlist; _sys_nerr; sys_nerr;


    # Changed getline function in libio.
    _IO_getline_info;

    # Special Pointer to avoid keyserv deadlock
    __key_decryptsession_pk_LOCAL; __key_encryptsession_pk_LOCAL;
    __key_gendes_LOCAL;

    # chown interface change.
    chown; glob; globfree;

    # Change in pthread_attr_t.
    pthread_attr_init;

    # functions in normal name space
    # Please keep them sorted by name!

    # a*
    addseverity; alphasort64;

    argp_error; argp_failure; argp_fmtstream_free; argp_fmtstream_point;
    argp_fmtstream_printf; argp_fmtstream_putc; argp_fmtstream_puts;
    argp_fmtstream_set_lmargin; argp_fmtstream_set_rmargin;
    argp_fmtstream_set_wmargin; argp_fmtstream_write; argp_help;
    argp_make_fmtstream; argp_parse; argp_state_help; argp_usage;

    authdes_create; authdes_getucred; authdes_pk_create;

    # b*
    backtrace; backtracesyms;

    # c*
    capget; capset; cbc_crypt; creat64;

    # d*
    des_setparity;

    # e*
    ecb_crypt; endutxent;

    # f*
    fattach; fdetach;
    fgetpos64; fmtmsg; fopen64; freopen64; fseeko; fseeko64; fsetpos64;
    fstatfs64; fstatvfs; fstatvfs64; ftello; ftello64; ftruncate64; ftw64;
    fopen; fclose; fdopen;

    # g*
    gai_strerror; getcontext; getdate; getdate_r; getitimer; getmsg;
    getnameinfo; getnetname; getpmsg; getpt; getrlimit64; getrusage;
    gettimeofday; getutxent; getutxid; getutxline; grantpt;

    # New special glibc functions.
    gnu_get_libc_release; gnu_get_libc_version;

    # h*
    host2netname;

    # i*
    iconv_open; iconv; iconv_close;
    ieee_get_fp_control; ieee_set_fp_control;
    if_freenameindex; if_indextoname; if_nameindex; if_nametoindex;
    inet6_isipv4mapped; isastream; iswblank;

    # k*
    key_decryptsession; key_decryptsession_pk; key_encryptsession;
    key_encryptsession_pk; key_gendes; key_get_conv; key_secretkey_is_set;
    key_setnet; key_setsecret;

    # l*
    lockf64; lseek64;

    # m*
    makecontext; mmap64; mempcpy;

    # n*
    netname2host; netname2user; nftw; nftw64;

    # o*
    open64;

    # p*
    passwd2des; pread; pread64; printf_size; printf_size_info;
    ptsname; ptsname_r; putmsg; putpmsg; pututxline; pwrite; pwrite64;

    # r*
    readdir64; readdir64_r; rtime;

    # s*
    scalbln; scalblnf; scalblnl;
    scandir64; setitimer; setrlimit64; setutxent; settimeofday;
    sighold; sigrelse; sigignore; sigset; statfs64; statvfs; statvfs64;
    strcasestr; strtoimax; strtoumax; strverscmp; strfxtime;
    swapcontext; sysv_signal;

    # New RT signal functions.
    sigqueue; sigtimedwait; sigwaitinfo;

    # t*
    tcgetsid; tdestroy; tmpfile64; truncate64;

    # u*
    unlockpt; updwtmpx; user2netname; utimes; utmpxname;

    # v*
    versionsort; versionsort64;

    # w*
    wait4; waitid; wcscasecmp; wcsncasecmp; wcsnlen; wcstoll;
    wcstoimax; wcstoumax; wcstoull; wcswcs; wmemrtombs; wmemrtowcs;
    wordexp; wordfree;

    # x*
    xdecrypt; xdr_authdes_cred; xdr_authdes_verf;
    xdr_cryptkeyarg; xdr_cryptkeyarg2; xdr_cryptkeyres; xdr_des_block;
    xdr_getcredres; xdr_key_netstarg; xdr_key_netstres;
    xdr_keybuf; xdr_keystatus; xdr_netnamestr; xdr_sizeof; xdr_unixcred;

} GLIBC_2.0;
